                                        
                     xx   xx x          
                     x      x           
                     x                  
                     x    xxx           
                      x    x x          
                    x     x  x          
                    x  x  x             
                    x   x xx x          
                    x   x   x           
     xx     x x                   x     
     xx        x                x  x    
           x      xx             xx  x  
           x                     x      
           x    xxxx             x   x  
           x     x               x      
                 x x             x  x   
                xx                  xx  
              x  x                  xx  
                 x x              xxx   
       x                           xx   
   x                              x     
   x   x                                
xx x   x                                
     x                                  
xx x  x                                 
   x                                    
                               xx       
                               xx       
   x x                                  
